- execute:
    unused_position.aleo/foo:
      outputs: []
      finalize: []
    credits.aleo/fee_private:
      outputs:
      - '{"type":"record","id":"2249825869969140557970442184687460556687032774418088889862542175846576918168field","checksum":"1585849665276358266193542194874313491078995591352958391382248567612100457077field","value":"record1qyqspmxa6hf672z4g02lsyr39dza2ewvwlzl80lh9eh3d3vyyhe08vs2qyxx66trwfhkxun9v35hguerqqpqzqxk3u4qhk6kd93ykrlc7syrx68zz509h6nkfn4mtw0php83nl4upftd0nnhpkll5z5zu5q6u4xk9zhx8sneztwswkedqg946rlak2fpqlsn33l"}'
      finalize: []
  speculate: the execution was accepted
  add_next_block: succeeded.
