- - |-
    [
      [
        true,
        false,
        true,
        false
      ]
    ]
  - |-
    [
      [
        false,
        true,
        false,
        true
      ]
    ]
  - |-
    {
      left: [
        [
          true,
          false,
          true,
          false
        ]
      ],
      right: [
        [
          false,
          true,
          false,
          true
        ]
      ]
    }
  - 'false'
  - 'false'
  - 'false'
  - 'false'
